$ next dev --turbopack
   ▲ Next.js 15.5.6 (Turbopack)
   - Local:        http://localhost:3000
   - Network:      http://169.254.0.21:3000

 ✓ Starting...
Attention: Next.js now collects completely anonymous telemetry regarding usage.
This information is used to shape Next.js' roadmap and prioritize features.
You can learn more, including how to opt-out if you'd not like to participate in this anonymous program, by visiting the following URL:
https://nextjs.org/telemetry

 ✓ Ready in 1887ms
   Reload env: .env
   Reload env: .env.local
   Reload env: .env
 ○ Compiling / ...
 ✓ Compiled / in 5.8s
 GET / 200 in 5575ms
 GET / 200 in 6686ms
 ⚠ Cross origin request detected from clinic-management-3.lindy.site to /_next/* resource. In a future major version of Next.js, you will need to explicitly configure "allowedDevOrigins" in next.config to allow this.
Read more: https://nextjs.org/docs/app/api-reference/config/next-config-js/allowedDevOrigins
 ○ Compiling /favicon.ico ...
 ✓ Compiled /favicon.ico in 737ms
 GET /favicon.ico?favicon.bf3c9292.ico 200 in 1102ms
 ✓ Compiled /api/clients in 232ms
prisma:query SELECT "public"."Client"."id", "public"."Client"."clientId", "public"."Client"."name", "public"."Client"."sex", "public"."Client"."age", "public"."Client"."address", "public"."Client"."dateOfRegistration", "public"."Client"."refDoctor", "public"."Client"."procedure", "public"."Client"."operationTeam", "public"."Client"."timeStarted", "public"."Client"."timeEnded", "public"."Client"."medicationGiven", "public"."Client"."instrumentsUsed", "public"."Client"."clinicalSummary", "public"."Client"."findings", "public"."Client"."hutTestResult", "public"."Client"."impression", "public"."Client"."comments", "public"."Client"."medication", "public"."Client"."createdAt", "public"."Client"."updatedAt" FROM "public"."Client" WHERE ("public"."Client"."clientId" = $1 AND 1=1) LIMIT $2 OFFSET $3
prisma:query INSERT INTO "public"."Client" ("id","clientId","name","sex","age","address","dateOfRegistration","refDoctor","procedure","operationTeam","timeStarted","timeEnded","medicationGiven","instrumentsUsed","clinicalSummary","findings","hutTestResult","impression","comments","medication","createdAt","updatedAt") VALUES ($1,$2,$3,$4,$5,$6,$7,$8,$9,$10,$11,$12,$13,$14,$15,$16,$17,$18,$19,$20,$21,$22) RETURNING "public"."Client"."id", "public"."Client"."clientId", "public"."Client"."name", "public"."Client"."sex", "public"."Client"."age", "public"."Client"."address", "public"."Client"."dateOfRegistration", "public"."Client"."refDoctor", "public"."Client"."procedure", "public"."Client"."operationTeam", "public"."Client"."timeStarted", "public"."Client"."timeEnded", "public"."Client"."medicationGiven", "public"."Client"."instrumentsUsed", "public"."Client"."clinicalSummary", "public"."Client"."findings", "public"."Client"."hutTestResult", "public"."Client"."impression", "public"."Client"."comments", "public"."Client"."medication", "public"."Client"."createdAt", "public"."Client"."updatedAt"
 POST /api/clients 201 in 675ms
prisma:query SELECT 1
prisma:query SELECT "public"."Client"."id", "public"."Client"."clientId", "public"."Client"."name", "public"."Client"."sex", "public"."Client"."age", "public"."Client"."address", "public"."Client"."dateOfRegistration", "public"."Client"."refDoctor", "public"."Client"."procedure", "public"."Client"."operationTeam", "public"."Client"."timeStarted", "public"."Client"."timeEnded", "public"."Client"."medicationGiven", "public"."Client"."instrumentsUsed", "public"."Client"."clinicalSummary", "public"."Client"."findings", "public"."Client"."hutTestResult", "public"."Client"."impression", "public"."Client"."comments", "public"."Client"."medication", "public"."Client"."createdAt", "public"."Client"."updatedAt" FROM "public"."Client" WHERE ("public"."Client"."clientId" ILIKE $1 OR "public"."Client"."name" ILIKE $2) ORDER BY "public"."Client"."dateOfRegistration" DESC LIMIT $3 OFFSET $4
prisma:query SELECT COUNT(*) FROM (SELECT "public"."Client"."id" FROM "public"."Client" WHERE ("public"."Client"."clientId" ILIKE $1 OR "public"."Client"."name" ILIKE $2) OFFSET $3) AS "sub"
 GET /api/clients?search=LMC-7OGZGA 200 in 306ms
 ✓ Compiled /api/clients/[clientId] in 210ms
Error: Route "/api/clients/[clientId]" used `params.clientId`. `params` should be awaited before using its properties. Learn more: https://nextjs.org/docs/messages/sync-dynamic-apis
    at GET (app/api/clients/[clientId]/route.ts:16:13)
  14 | ) {
  15 |   try {
> 16 |     const { clientId } = params
     |             ^
  17 |
  18 |     // Validate client ID format
  19 |     if (!isValidClientId(clientId)) {
 GET /api/clients/LMC-7OGZGA 200 in 1524ms
prisma:query SELECT "public"."Client"."id", "public"."Client"."clientId", "public"."Client"."name", "public"."Client"."sex", "public"."Client"."age", "public"."Client"."address", "public"."Client"."dateOfRegistration", "public"."Client"."refDoctor", "public"."Client"."procedure", "public"."Client"."operationTeam", "public"."Client"."timeStarted", "public"."Client"."timeEnded", "public"."Client"."medicationGiven", "public"."Client"."instrumentsUsed", "public"."Client"."clinicalSummary", "public"."Client"."findings", "public"."Client"."hutTestResult", "public"."Client"."impression", "public"."Client"."comments", "public"."Client"."medication", "public"."Client"."createdAt", "public"."Client"."updatedAt" FROM "public"."Client" WHERE ("public"."Client"."clientId" = $1 AND 1=1) LIMIT $2 OFFSET $3
